     ____
    / _  |   Frida 17.9.1 - A world-class dynamic instrumentation toolkit
   | (_| |
    > _  |   Commands:
   /_/ |_|       help      -> Displays the help system
   . . . .       object?   -> Display information about 'object'
   . . . .       exit/quit -> Exit
   . . . .
   . . . .   More info at https://frida.re/docs/home/
   . . . .
   . . . .   Connected to Local System (id=local)
Attaching...
[led_capture] hooked at 0x7ff807b1d7cf
[Local::NiHardwareAgent ]-> [LED sel=6 len=32] 00 00 00 00 00 00 00 00 00 00 00 00 00 00 00 00 00 00 00 00 00 00 00 00 00 00 00 00 00 00 00 00
[LED sel=6 len=32] 1e 00 00 00 00 00 00 00 00 00 00 00 00 00 00 00 00 00 00 00 00 00 00 00 00 00 00 00 5c 00 00 00
[LED sel=6 len=32] 00 00 00 00 00 00 00 00 00 00 00 00 00 00 00 00 00 00 00 00 00 00 00 00 00 00 00 00 00 00 00 00
[LED sel=6 len=32] 1e 00 00 00 00 00 00 00 00 00 00 00 00 00 00 00 00 00 00 00 00 00 00 00 00 00 00 00 5c 00 00 00
[LED sel=6 len=32] 00 00 00 00 00 00 00 00 00 00 00 00 00 00 00 00 00 00 00 00 00 00 00 00 00 00 00 00 00 00 00 00
[LED sel=6 len=32] 1e 00 00 00 00 00 00 00 00 00 00 00 00 00 00 00 00 00 32 00 00 32 13 13 32 13 13 00 5c 00 00 00
[LED sel=6 len=32] 00 00 00 00 00 00 00 00 00 00 00 00 00 00 00 00 00 00 00 00 00 00 00 00 00 00 00 00 00 00 00 00
[LED sel=6 len=32] 1e 00 00 00 00 00 00 00 00 00 00 00 00 00 00 00 00 00 32 00 00 32 13 13 32 13 13 00 5c 00 00 00
[LED sel=6 len=32] 00 00 00 00 00 00 00 00 00 00 00 00 00 00 00 00 00 00 00 00 00 00 00 00 00 00 00 00 00 00 00 00
[LED sel=6 len=32] 1e 00 00 00 00 00 00 00 00 00 00 00 00 00 00 00 00 00 32 00 00 32 13 13 32 13 13 00 5c 00 00 00
[LED sel=6 len=32] 00 00 00 00 32 00 00 00 00 00 00 00 00 00 00 00 00 00 00 00 00 00 00 00 00 00 00 00 00 00 00 00
[LED sel=6 len=32] 1e 00 00 00 00 00 00 00 00 13 32 00 00 00 00 00 00 00 32 00 00 32 13 13 32 13 13 00 5c 00 00 00
[LED sel=6 len=32] 00 00 00 00 00 00 00 00 00 00 00 00 00 00 00 00 00 00 00 00 00 00 00 00 00 00 00 00 00 00 00 00
[LED sel=6 len=32] 1e 00 00 00 00 00 00 00 00 00 00 00 00 00 00 00 00 00 00 00 00 00 00 00 00 00 00 00 06 00 00 00
[LED sel=6 len=32] 00 00 00 00 00 00 00 00 00 00 00 00 00 00 00 00 00 00 00 00 00 00 00 00 00 00 00 00 00 00 00 00
[LED sel=6 len=32] 1e 00 00 00 00 00 00 00 00 00 00 00 00 00 00 00 00 00 00 00 00 00 00 00 00 00 00 00 06 00 00 00
